// Jest Snapshot v1, https://goo.gl/fbAQLP

exports[`renders correctly 1`] = `
<div
  className="Issues-list-wrapper"
>
  <div
    className="Issues-list"
  />
  <p
    className="Issues-pagination disabled"
  >
    <span
      className="disabled"
      onClick={[Function]}
    >
      Previous 
    </span>
    â€”
    <span
      className=""
      onClick={[Function]}
    >
       Next
    </span>
  </p>
</div>
`;
